Copyright 1986-2020 Xilinx, Inc. All Rights Reserved.
---------------------------------------------------------------------------------------
| Tool Version : Vivado v.2020.2 (win64) Build 3064766 Wed Nov 18 09:12:45 MST 2020
| Date         : Thu Apr 13 15:19:24 2023
| Host         : DESKTOP-AVPI1T7 running 64-bit major release  (build 9200)
| Command      : report_control_sets -verbose -file BD_wrapper_control_sets_placed.rpt
| Design       : BD_wrapper
| Device       : xc7a35t
---------------------------------------------------------------------------------------

Control Set Information

Table of Contents
-----------------
1. Summary
2. Histogram
3. Flip-Flop Distribution
4. Detailed Control Set Information

1. Summary
----------

+----------------------------------------------------------+-------+
|                          Status                          | Count |
+----------------------------------------------------------+-------+
| Total control sets                                       |    36 |
|    Minimum number of control sets                        |    36 |
|    Addition due to synthesis replication                 |     0 |
|    Addition due to physical synthesis replication        |     0 |
| Unused register locations in slices containing registers |    81 |
+----------------------------------------------------------+-------+
* Control sets can be merged at opt_design using control_set_merge or merge_equivalent_drivers
** Run report_qor_suggestions for automated merging and remapping suggestions


2. Histogram
------------

+--------------------+-------+
|       Fanout       | Count |
+--------------------+-------+
| Total control sets |    36 |
| >= 0 to < 4        |     0 |
| >= 4 to < 6        |     7 |
| >= 6 to < 8        |     4 |
| >= 8 to < 10       |     5 |
| >= 10 to < 12      |     3 |
| >= 12 to < 14      |     2 |
| >= 14 to < 16      |     4 |
| >= 16              |    11 |
+--------------------+-------+
* Control sets can be remapped at either synth_design or opt_design


3. Flip-Flop Distribution
-------------------------

+--------------+-----------------------+------------------------+-----------------+--------------+
| Clock Enable | Synchronous Set/Reset | Asynchronous Set/Reset | Total Registers | Total Slices |
+--------------+-----------------------+------------------------+-----------------+--------------+
| No           | No                    | No                     |             197 |           44 |
| No           | No                    | Yes                    |              21 |            7 |
| No           | Yes                   | No                     |             114 |           41 |
| Yes          | No                    | No                     |              18 |            5 |
| Yes          | No                    | Yes                    |             157 |           41 |
| Yes          | Yes                   | No                     |             164 |           43 |
+--------------+-----------------------+------------------------+-----------------+--------------+


4. Detailed Control Set Information
-----------------------------------

+-------------------------------+----------------------------------------------------------------------------------------------------+------------------------------------------------------------------------------------------------------------------------------------------------+------------------+----------------+--------------+
|          Clock Signal         |                                            Enable Signal                                           |                                                                Set/Reset Signal                                                                | Slice Load Count | Bel Load Count | Bels / Slice |
+-------------------------------+----------------------------------------------------------------------------------------------------+------------------------------------------------------------------------------------------------------------------------------------------------+------------------+----------------+--------------+
|  BD_i/clk_wiz_0/inst/clk_out1 |                                                                                                    | BD_i/AXI4Stream_UART_0/U0/FIFO_DATA_TX/gnuram_async_fifo.xpm_fifo_base_inst/xpm_fifo_rst_inst/FSM_onehot_gen_rst_ic.curr_wrst_state[4]_i_1_n_0 |                2 |              4 |         2.00 |
|  BD_i/clk_wiz_0/inst/clk_out1 |                                                                                                    | BD_i/proc_sys_reset_0/U0/EXT_LPF/lpf_int                                                                                                       |                1 |              4 |         4.00 |
|  BD_i/clk_wiz_0/inst/clk_out1 |                                                                                                    | BD_i/AXI4Stream_UART_0/U0/FIFO_DATA_RX/gnuram_async_fifo.xpm_fifo_base_inst/xpm_fifo_rst_inst/FSM_onehot_gen_rst_ic.curr_wrst_state[4]_i_1_n_0 |                1 |              4 |         4.00 |
|  BD_i/clk_wiz_0/inst/clk_out1 | BD_i/AXI4Stream_UART_0/U0/UART_Manager_inst/Inst_uart/rx_baud_tick__0                              |                                                                                                                                                |                1 |              4 |         4.00 |
|  BD_i/clk_wiz_0/inst/clk_out1 | BD_i/axi4stream_spi_master_0/U0/inst_axis_lw_spi_master/inst_lw_spi_master/cntr[3]_i_2_n_0         | BD_i/axi4stream_spi_master_0/U0/inst_axis_lw_spi_master/inst_lw_spi_master/cntr[3]_i_1_n_0                                                     |                1 |              4 |         4.00 |
|  BD_i/clk_wiz_0/inst/clk_out1 | BD_i/digilent_jstk2_0/U0/temp_reg_jstk_x[7]                                                        | BD_i/digilent_jstk2_0/U0/jstk_x_reg[9]_i_2_n_0                                                                                                 |                1 |              5 |         5.00 |
|  BD_i/clk_wiz_0/inst/clk_out1 | BD_i/digilent_jstk2_0/U0/temp_reg_jstk_y[7]                                                        | BD_i/digilent_jstk2_0/U0/jstk_x_reg[9]_i_2_n_0                                                                                                 |                1 |              5 |         5.00 |
|  BD_i/clk_wiz_0/inst/clk_out1 |                                                                                                    | BD_i/jstk_uart_bridge_0/U0/led_r_reg[7]_i_2_n_0                                                                                                |                2 |              6 |         3.00 |
|  BD_i/clk_wiz_0/inst/clk_out1 | BD_i/proc_sys_reset_0/U0/SEQ/seq_cnt_en                                                            | BD_i/proc_sys_reset_0/U0/SEQ/SEQ_COUNTER/clear                                                                                                 |                1 |              6 |         6.00 |
|  BD_i/clk_wiz_0/inst/clk_out1 | BD_i/axi4stream_spi_master_0/U0/inst_axis_lw_spi_master/inst_lw_spi_master/miso_data_o[7]_i_1_n_0  |                                                                                                                                                |                1 |              7 |         7.00 |
|  BD_i/clk_wiz_0/inst/clk_out1 | BD_i/axi4stream_spi_master_0/U0/inst_axis_lw_spi_master/inst_lw_spi_master/write_reg[7]_i_1_n_0    |                                                                                                                                                |                3 |              7 |         2.33 |
|  BD_i/clk_wiz_0/inst/clk_out1 | BD_i/AXI4Stream_UART_0/U0/UART_Manager_inst/Inst_uart/E[0]                                         | BD_i/proc_sys_reset_0/U0/peripheral_reset[0]                                                                                                   |                2 |              8 |         4.00 |
|  BD_i/clk_wiz_0/inst/clk_out1 | BD_i/AXI4Stream_UART_0/U0/UART_Manager_inst/data_stream_in[7]_i_1_n_0                              | BD_i/proc_sys_reset_0/U0/peripheral_reset[0]                                                                                                   |                2 |              8 |         4.00 |
|  BD_i/clk_wiz_0/inst/clk_out1 | BD_i/axi4stream_spi_master_0/U0/inst_axis_lw_spi_master/inst_lw_spi_master/read_reg[7]_i_2_n_0     | BD_i/axi4stream_spi_master_0/U0/inst_axis_lw_spi_master/inst_lw_spi_master/read_reg[7]_i_1_n_0                                                 |                2 |              8 |         4.00 |
|  BD_i/clk_wiz_0/inst/clk_out1 | BD_i/jstk_uart_bridge_0/U0/temp_reg_led_g_0                                                        | BD_i/jstk_uart_bridge_0/U0/led_r_reg[7]_i_2_n_0                                                                                                |                1 |              8 |         8.00 |
|  BD_i/clk_wiz_0/inst/clk_out1 | BD_i/jstk_uart_bridge_0/U0/temp_reg_led_r_1                                                        | BD_i/jstk_uart_bridge_0/U0/led_r_reg[7]_i_2_n_0                                                                                                |                2 |              8 |         4.00 |
|  BD_i/clk_wiz_0/inst/clk_out1 |                                                                                                    | BD_i/digilent_jstk2_0/U0/jstk_x_reg[9]_i_2_n_0                                                                                                 |                3 |             10 |         3.33 |
|  BD_i/clk_wiz_0/inst/clk_out1 | BD_i/AXI4Stream_UART_0/U0/UART_Manager_inst/Inst_uart/uart_tx_count[2]_i_1_n_0                     | BD_i/proc_sys_reset_0/U0/peripheral_reset[0]                                                                                                   |                3 |             10 |         3.33 |
|  BD_i/clk_wiz_0/inst/clk_out1 | BD_i/AXI4Stream_UART_0/U0/UART_Manager_inst/Inst_uart/uart_rx_data_vec                             | BD_i/proc_sys_reset_0/U0/peripheral_reset[0]                                                                                                   |                3 |             11 |         3.67 |
|  BD_i/clk_wiz_0/inst/clk_out1 |                                                                                                    | BD_i/AXI4Stream_UART_0/U0/FIFO_DATA_TX/gnuram_async_fifo.xpm_fifo_base_inst/xpm_fifo_rst_inst/wrst_busy                                        |                4 |             12 |         3.00 |
|  BD_i/clk_wiz_0/inst/clk_out1 |                                                                                                    | BD_i/AXI4Stream_UART_0/U0/FIFO_DATA_RX/gnuram_async_fifo.xpm_fifo_base_inst/xpm_fifo_rst_inst/wrst_busy                                        |                5 |             12 |         2.40 |
|  BD_i/clk_wiz_0/inst/clk_out1 | BD_i/digilent_jstk2_0/U0/delay_counter_1                                                           | BD_i/digilent_jstk2_0/U0/jstk_x_reg[9]_i_2_n_0                                                                                                 |                6 |             15 |         2.50 |
|  BD_i/clk_wiz_0/inst/clk_out1 |                                                                                                    | BD_i/AXI4Stream_UART_0/U0/FIFO_DATA_TX/gnuram_async_fifo.xpm_fifo_base_inst/xpm_fifo_rst_inst/gen_rst_ic.fifo_rd_rst_ic_reg_0                  |                6 |             15 |         2.50 |
|  BD_i/clk_wiz_0/inst/clk_out1 |                                                                                                    | BD_i/axi4stream_spi_master_0/U0/inst_axis_lw_spi_master/inst_lw_spi_master/edgecntr[13]_i_1_n_0                                                |                3 |             15 |         5.00 |
|  BD_i/clk_wiz_0/inst/clk_out1 |                                                                                                    | BD_i/AXI4Stream_UART_0/U0/FIFO_DATA_RX/gnuram_async_fifo.xpm_fifo_base_inst/xpm_fifo_rst_inst/gen_rst_ic.fifo_rd_rst_ic_reg_0                  |                7 |             15 |         2.14 |
|  BD_i/clk_wiz_0/inst/clk_out1 | BD_i/digilent_jstk2_0/U0/jstk_x_reg                                                                | BD_i/digilent_jstk2_0/U0/jstk_x_reg[9]_i_2_n_0                                                                                                 |                4 |             16 |         4.00 |
|  BD_i/clk_wiz_0/inst/clk_out1 | BD_i/jstk_uart_bridge_0/U0/jstk_x_reg_2                                                            | BD_i/jstk_uart_bridge_0/U0/led_r_reg[7]_i_2_n_0                                                                                                |                5 |             16 |         3.20 |
|  BD_i/clk_wiz_0/inst/clk_out1 | BD_i/jstk_uart_bridge_0/U0/tx_delay_counter[19]_i_1_n_0                                            | BD_i/jstk_uart_bridge_0/U0/led_r_reg[7]_i_2_n_0                                                                                                |                7 |             20 |         2.86 |
|  BD_i/clk_wiz_0/inst/clk_out1 | BD_i/AXI4Stream_UART_0/U0/FIFO_DATA_RX/gnuram_async_fifo.xpm_fifo_base_inst/rdp_inst/E[0]          | BD_i/AXI4Stream_UART_0/U0/FIFO_DATA_RX/gnuram_async_fifo.xpm_fifo_base_inst/xpm_fifo_rst_inst/gen_rst_ic.fifo_rd_rst_ic_reg_0                  |                6 |             23 |         3.83 |
|  BD_i/clk_wiz_0/inst/clk_out1 | BD_i/AXI4Stream_UART_0/U0/FIFO_DATA_TX/gnuram_async_fifo.xpm_fifo_base_inst/rdp_inst/E[0]          | BD_i/AXI4Stream_UART_0/U0/FIFO_DATA_TX/gnuram_async_fifo.xpm_fifo_base_inst/xpm_fifo_rst_inst/gen_rst_ic.fifo_rd_rst_ic_reg_0                  |                6 |             23 |         3.83 |
|  BD_i/clk_wiz_0/inst/clk_out1 | BD_i/digilent_jstk2_0/U0/led_r_reg_0                                                               | BD_i/digilent_jstk2_0/U0/jstk_x_reg[9]_i_2_n_0                                                                                                 |                6 |             24 |         4.00 |
|  BD_i/clk_wiz_0/inst/clk_out1 | BD_i/jstk_uart_bridge_0/U0/led_b_reg                                                               | BD_i/jstk_uart_bridge_0/U0/led_r_reg[7]_i_2_n_0                                                                                                |                4 |             24 |         6.00 |
|  BD_i/clk_wiz_0/inst/clk_out1 | BD_i/AXI4Stream_UART_0/U0/FIFO_DATA_RX/gnuram_async_fifo.xpm_fifo_base_inst/xpm_fifo_rst_inst/E[0] | BD_i/AXI4Stream_UART_0/U0/FIFO_DATA_RX/gnuram_async_fifo.xpm_fifo_base_inst/xpm_fifo_rst_inst/wrst_busy                                        |                9 |             34 |         3.78 |
|  BD_i/clk_wiz_0/inst/clk_out1 |                                                                                                    | BD_i/proc_sys_reset_0/U0/peripheral_reset[0]                                                                                                   |               14 |             38 |         2.71 |
|  BD_i/clk_wiz_0/inst/clk_out1 | BD_i/AXI4Stream_UART_0/U0/FIFO_DATA_TX/gnuram_async_fifo.xpm_fifo_base_inst/xpm_fifo_rst_inst/E[0] | BD_i/AXI4Stream_UART_0/U0/FIFO_DATA_TX/gnuram_async_fifo.xpm_fifo_base_inst/xpm_fifo_rst_inst/wrst_busy                                        |               12 |             45 |         3.75 |
|  BD_i/clk_wiz_0/inst/clk_out1 |                                                                                                    |                                                                                                                                                |               45 |            198 |         4.40 |
+-------------------------------+----------------------------------------------------------------------------------------------------+------------------------------------------------------------------------------------------------------------------------------------------------+------------------+----------------+--------------+


