Copyright 1986-2020 Xilinx, Inc. All Rights Reserved.
---------------------------------------------------------------------------------------
| Tool Version : Vivado v.2020.2 (win64) Build 3064766 Wed Nov 18 09:12:45 MST 2020
| Date         : Sat May 20 20:49:44 2023
| Host         : DESKTOP-AVPI1T7 running 64-bit major release  (build 9200)
| Command      : report_control_sets -verbose -file BD_wrapper_control_sets_placed.rpt
| Design       : BD_wrapper
| Device       : xc7a35t
---------------------------------------------------------------------------------------

Control Set Information

Table of Contents
-----------------
1. Summary
2. Histogram
3. Flip-Flop Distribution
4. Detailed Control Set Information

1. Summary
----------

+----------------------------------------------------------+-------+
|                          Status                          | Count |
+----------------------------------------------------------+-------+
| Total control sets                                       |   121 |
|    Minimum number of control sets                        |   121 |
|    Addition due to synthesis replication                 |     0 |
|    Addition due to physical synthesis replication        |     0 |
| Unused register locations in slices containing registers |   129 |
+----------------------------------------------------------+-------+
* Control sets can be merged at opt_design using control_set_merge or merge_equivalent_drivers
** Run report_qor_suggestions for automated merging and remapping suggestions


2. Histogram
------------

+--------------------+-------+
|       Fanout       | Count |
+--------------------+-------+
| Total control sets |   121 |
| >= 0 to < 4        |     8 |
| >= 4 to < 6        |     5 |
| >= 6 to < 8        |     4 |
| >= 8 to < 10       |     4 |
| >= 10 to < 12      |     1 |
| >= 12 to < 14      |     2 |
| >= 14 to < 16      |     2 |
| >= 16              |    95 |
+--------------------+-------+
* Control sets can be remapped at either synth_design or opt_design


3. Flip-Flop Distribution
-------------------------

+--------------+-----------------------+------------------------+-----------------+--------------+
| Clock Enable | Synchronous Set/Reset | Asynchronous Set/Reset | Total Registers | Total Slices |
+--------------+-----------------------+------------------------+-----------------+--------------+
| No           | No                    | No                     |            1895 |          556 |
| No           | No                    | Yes                    |               8 |            5 |
| No           | Yes                   | No                     |             158 |           56 |
| Yes          | No                    | No                     |             274 |           66 |
| Yes          | No                    | Yes                    |              40 |           11 |
| Yes          | Yes                   | No                     |             280 |           74 |
+--------------+-----------------------+------------------------+-----------------+--------------+


4. Detailed Control Set Information
-----------------------------------

+---------------------------------------------------------------+---------------------------------------------------------------------------------------------------+--------------------------------------------------------------------------------------------------------+------------------+----------------+--------------+
|                          Clock Signal                         |                                           Enable Signal                                           |                                            Set/Reset Signal                                            | Slice Load Count | Bel Load Count | Bels / Slice |
+---------------------------------------------------------------+---------------------------------------------------------------------------------------------------+--------------------------------------------------------------------------------------------------------+------------------+----------------+--------------+
|  BD_i/debouncer_1/U0/debounced_int_reg_LDC_i_1_n_0            |                                                                                                   | BD_i/debouncer_1/U0/debounced_int_reg_LDC_i_2_n_0                                                      |                1 |              1 |         1.00 |
|  BD_i/edge_detector_1/U0/edge_detected                        |                                                                                                   |                                                                                                        |                1 |              1 |         1.00 |
|  BD_i/edge_detector_0/U0/edge_detected                        |                                                                                                   |                                                                                                        |                1 |              1 |         1.00 |
|  BD_i/debouncer_0/U0/debounced_int_reg_LDC_i_1_n_0            |                                                                                                   | BD_i/debouncer_0/U0/debounced_int_reg_LDC_i_2_n_0                                                      |                1 |              1 |         1.00 |
|  BD_i/clk_wiz_0/inst/clk_out1                                 |                                                                                                   | BD_i/debouncer_1/U0/debounced_int_reg_LDC_i_2_n_0                                                      |                1 |              1 |         1.00 |
|  BD_i/clk_wiz_0/inst/clk_out1                                 |                                                                                                   | BD_i/debouncer_1/U0/debounced_int_reg_LDC_i_1_n_0                                                      |                1 |              1 |         1.00 |
|  BD_i/clk_wiz_0/inst/clk_out1                                 |                                                                                                   | BD_i/debouncer_0/U0/debounced_int_reg_LDC_i_1_n_0                                                      |                1 |              1 |         1.00 |
|  BD_i/clk_wiz_0/inst/clk_out1                                 |                                                                                                   | BD_i/debouncer_0/U0/debounced_int_reg_LDC_i_2_n_0                                                      |                1 |              1 |         1.00 |
|  BD_i/clk_wiz_0/inst/clk_out1                                 |                                                                                                   | BD_i/proc_sys_reset_0/U0/EXT_LPF/lpf_int                                                               |                2 |              4 |         2.00 |
|  BD_i/clk_wiz_0/inst/clk_out1                                 |                                                                                                   | BD_i/proc_sys_reset_0/U0/peripheral_reset[0]                                                           |                1 |              4 |         4.00 |
|  BD_i/clk_wiz_0/inst/clk_out1                                 | BD_i/axi4stream_spi_master_0/U0/inst_axis_lw_spi_master/inst_lw_spi_master/cntr[3]_i_2_n_0        | BD_i/axi4stream_spi_master_0/U0/inst_axis_lw_spi_master/inst_lw_spi_master/cntr[3]_i_1_n_0             |                1 |              4 |         4.00 |
|  BD_i/clk_wiz_0/inst/clk_out2                                 |                                                                                                   | BD_i/proc_sys_reset_1/U0/EXT_LPF/lpf_int                                                               |                1 |              4 |         4.00 |
|  BD_i/clk_wiz_0/inst/clk_out1                                 | BD_i/Moving_average_filter_0/U0/counter_sample0                                                   |                                                                                                        |                1 |              5 |         5.00 |
|  BD_i/clk_wiz_0/inst/clk_out1                                 |                                                                                                   | BD_i/digilent_jstk2_0/U0/FSM_sequential_state_cmd[2]_i_1_n_0                                           |                2 |              6 |         3.00 |
|  BD_i/clk_wiz_0/inst/clk_out1                                 | BD_i/proc_sys_reset_0/U0/SEQ/seq_cnt_en                                                           | BD_i/proc_sys_reset_0/U0/SEQ/SEQ_COUNTER/clear                                                         |                2 |              6 |         3.00 |
|  BD_i/clk_wiz_0/inst/clk_out2                                 | BD_i/proc_sys_reset_1/U0/SEQ/seq_cnt_en                                                           | BD_i/proc_sys_reset_1/U0/SEQ/SEQ_COUNTER/clear                                                         |                1 |              6 |         6.00 |
|  BD_i/clk_wiz_0/inst/clk_out1                                 | BD_i/axi4stream_spi_master_0/U0/inst_axis_lw_spi_master/inst_lw_spi_master/write_reg[7]_i_1_n_0   |                                                                                                        |                2 |              7 |         3.50 |
|  BD_i/clk_wiz_0/inst/clk_out1                                 | BD_i/axi4stream_spi_master_0/U0/inst_axis_lw_spi_master/inst_lw_spi_master/miso_data_o[7]_i_1_n_0 |                                                                                                        |                1 |              8 |         8.00 |
|  BD_i/clk_wiz_0/inst/clk_out1                                 | BD_i/axi4stream_spi_master_0/U0/inst_axis_lw_spi_master/inst_lw_spi_master/read_reg[7]_i_2_n_0    | BD_i/axi4stream_spi_master_0/U0/inst_axis_lw_spi_master/inst_lw_spi_master/read_reg[7]_i_1_n_0         |                1 |              8 |         8.00 |
|  BD_i/clk_wiz_0/inst/clk_out1                                 | BD_i/digilent_jstk2_0/U0/jstk_x_temp[7]_i_1_n_0                                                   |                                                                                                        |                1 |              8 |         8.00 |
|  BD_i/clk_wiz_0/inst/clk_out1                                 | BD_i/digilent_jstk2_0/U0/jstk_y_temp[7]_i_1_n_0                                                   |                                                                                                        |                2 |              8 |         4.00 |
|  BD_i/clk_wiz_0/inst/clk_out1                                 | BD_i/Balance_controller_0/U0/exponent0                                                            |                                                                                                        |                4 |             10 |         2.50 |
|  BD_i/clk_wiz_0/inst/clk_out1                                 |                                                                                                   | BD_i/axis_dual_i2s_0/inst/rx_fifo/xpm_fifo_base_inst/xpm_fifo_rst_inst/wrst_busy                       |                6 |             12 |         2.00 |
|  BD_i/clk_wiz_0/inst/clk_out2                                 |                                                                                                   | BD_i/axis_dual_i2s_0/inst/tx_fifo/xpm_fifo_base_inst/xpm_fifo_rst_inst/wrst_busy                       |                4 |             12 |         3.00 |
|  BD_i/clk_wiz_0/inst/clk_out1                                 |                                                                                                   | BD_i/axis_dual_i2s_0/inst/tx_fifo/xpm_fifo_base_inst/xpm_fifo_rst_inst/gen_rst_ic.fifo_rd_rst_ic_reg_0 |                6 |             15 |         2.50 |
|  BD_i/clk_wiz_0/inst/clk_out2                                 |                                                                                                   | BD_i/axis_dual_i2s_0/inst/rx_fifo/xpm_fifo_base_inst/xpm_fifo_rst_inst/gen_rst_ic.fifo_rd_rst_ic_reg_0 |                7 |             15 |         2.14 |
|  BD_i/clk_wiz_0/inst/clk_out1                                 |                                                                                                   | BD_i/axi4stream_spi_master_0/U0/inst_axis_lw_spi_master/inst_lw_spi_master/edgecntr[14]_i_1_n_0        |                4 |             16 |         4.00 |
|  BD_i/clk_wiz_0/inst/clk_out1                                 | BD_i/Volume_controller_0/U0/exponent[9]_i_1_n_0                                                   |                                                                                                        |                6 |             16 |         2.67 |
|  BD_i/clk_wiz_0/inst/clk_out1                                 | BD_i/digilent_jstk2_0/U0/delay_counter                                                            | BD_i/digilent_jstk2_0/U0/FSM_sequential_state_cmd[2]_i_1_n_0                                           |                4 |             16 |         4.00 |
|  BD_i/clk_wiz_0/inst/clk_out1                                 | BD_i/Volume_controller_0/U0/exponent[9]_i_1_n_0                                                   | BD_i/Volume_controller_0/U0/r_channel_vol[20]_i_1_n_0                                                  |                8 |             20 |         2.50 |
|  BD_i/clk_wiz_0/inst/clk_out1                                 | BD_i/Volume_controller_0/U0/exponent[9]_i_1_n_0                                                   | BD_i/Volume_controller_0/U0/l_channel_vol[20]_i_1_n_0                                                  |                7 |             20 |         2.86 |
|  BD_i/clk_wiz_0/inst/clk_out1                                 | BD_i/debouncer_1/U0/counter_0                                                                     | BD_i/proc_sys_reset_0/U0/peripheral_reset[0]                                                           |                6 |             20 |         3.33 |
|  BD_i/clk_wiz_0/inst/clk_out1                                 | BD_i/debouncer_0/U0/counter_0                                                                     | BD_i/proc_sys_reset_0/U0/peripheral_reset[0]                                                           |                5 |             20 |         4.00 |
|  BD_i/clk_wiz_0/inst/clk_out1                                 | BD_i/axis_dual_i2s_0/inst/tx_fifo/xpm_fifo_base_inst/rdpp1_inst/E[0]                              | BD_i/axis_dual_i2s_0/inst/tx_fifo/xpm_fifo_base_inst/xpm_fifo_rst_inst/gen_rst_ic.fifo_rd_rst_ic_reg_0 |                6 |             21 |         3.50 |
|  BD_i/clk_wiz_0/inst/clk_out2                                 | BD_i/axis_dual_i2s_0/inst/rx_fifo/xpm_fifo_base_inst/rdpp1_inst/E[0]                              | BD_i/axis_dual_i2s_0/inst/rx_fifo/xpm_fifo_base_inst/xpm_fifo_rst_inst/gen_rst_ic.fifo_rd_rst_ic_reg_0 |                6 |             21 |         3.50 |
|  BD_i/clk_wiz_0/inst/clk_out1                                 | BD_i/digilent_jstk2_0/U0/jstk_x[9]_i_1_n_0                                                        |                                                                                                        |                5 |             22 |         4.40 |
|  BD_i/clk_wiz_0/inst/clk_out2                                 | BD_i/axis_dual_i2s_0/inst/axis_dual_i2s_inst/tx_data_l_shift0_in[23]                              |                                                                                                        |                4 |             23 |         5.75 |
|  BD_i/clk_wiz_0/inst/clk_out2                                 | BD_i/axis_dual_i2s_0/inst/axis_dual_i2s_inst/tx_data_r_shift[23]                                  |                                                                                                        |                5 |             23 |         4.60 |
|  BD_i/Moving_average_filter_0/U0/r_sample[22]_9               |                                                                                                   |                                                                                                        |                7 |             24 |         3.43 |
|  BD_i/Moving_average_filter_0/U0/r_sample[3]_28               |                                                                                                   |                                                                                                        |                8 |             24 |         3.00 |
|  BD_i/Moving_average_filter_0/U0/r_sample[9]_22               |                                                                                                   |                                                                                                        |                7 |             24 |         3.43 |
|  BD_i/Moving_average_filter_0/U0/r_sample[4]_27               |                                                                                                   |                                                                                                        |                8 |             24 |         3.00 |
|  BD_i/Moving_average_filter_0/U0/r_sample[30]_1               |                                                                                                   |                                                                                                        |                7 |             24 |         3.43 |
|  BD_i/Moving_average_filter_0/U0/r_sample[27]_4               |                                                                                                   |                                                                                                        |                7 |             24 |         3.43 |
|  BD_i/Moving_average_filter_0/U0/r_sample[18]_13              |                                                                                                   |                                                                                                        |                8 |             24 |         3.00 |
|  BD_i/Moving_average_filter_0/U0/r_sample[26]_5               |                                                                                                   |                                                                                                        |                6 |             24 |         4.00 |
|  BD_i/Moving_average_filter_0/U0/r_sample[20]_11              |                                                                                                   |                                                                                                        |                8 |             24 |         3.00 |
|  BD_i/Moving_average_filter_0/U0/r_sample[21]_10              |                                                                                                   |                                                                                                        |                8 |             24 |         3.00 |
|  BD_i/Moving_average_filter_0/U0/r_sample[25]_6               |                                                                                                   |                                                                                                        |                6 |             24 |         4.00 |
|  BD_i/Moving_average_filter_0/U0/r_sample[31]_0               |                                                                                                   |                                                                                                        |                6 |             24 |         4.00 |
|  BD_i/Moving_average_filter_0/U0/r_sample[17]_14              |                                                                                                   |                                                                                                        |                7 |             24 |         3.43 |
|  BD_i/Moving_average_filter_0/U0/r_sample[6]_25               |                                                                                                   |                                                                                                        |                8 |             24 |         3.00 |
|  BD_i/Moving_average_filter_0/U0/r_sample[29]_2               |                                                                                                   |                                                                                                        |                7 |             24 |         3.43 |
|  BD_i/Moving_average_filter_0/U0/r_sample[19]_12              |                                                                                                   |                                                                                                        |                8 |             24 |         3.00 |
|  BD_i/Moving_average_filter_0/U0/r_sample[8]_23               |                                                                                                   |                                                                                                        |                7 |             24 |         3.43 |
|  BD_i/Moving_average_filter_0/U0/r_sample[28]_3               |                                                                                                   |                                                                                                        |                6 |             24 |         4.00 |
|  BD_i/Moving_average_filter_0/U0/r_sample[24]_7               |                                                                                                   |                                                                                                        |                7 |             24 |         3.43 |
|  BD_i/Moving_average_filter_0/U0/r_sample[1]_30               |                                                                                                   |                                                                                                        |                6 |             24 |         4.00 |
|  BD_i/Moving_average_filter_0/U0/r_sample[2]_29               |                                                                                                   |                                                                                                        |                8 |             24 |         3.00 |
|  BD_i/Moving_average_filter_0/U0/r_sample[0]_31               |                                                                                                   |                                                                                                        |                6 |             24 |         4.00 |
|  BD_i/Moving_average_filter_0/U0/r_sample[11]_20              |                                                                                                   |                                                                                                        |                9 |             24 |         2.67 |
|  BD_i/Moving_average_filter_0/U0/r_sample[13]_18              |                                                                                                   |                                                                                                        |                7 |             24 |         3.43 |
|  BD_i/Moving_average_filter_0/U0/r_sample[14]_17              |                                                                                                   |                                                                                                        |                7 |             24 |         3.43 |
|  BD_i/Moving_average_filter_0/U0/r_sample[10]_21              |                                                                                                   |                                                                                                        |                7 |             24 |         3.43 |
|  BD_i/Moving_average_filter_0/U0/r_sample[15]_16              |                                                                                                   |                                                                                                        |                7 |             24 |         3.43 |
|  BD_i/Moving_average_filter_0/U0/r_sample[12]_19              |                                                                                                   |                                                                                                        |                9 |             24 |         2.67 |
|  BD_i/Moving_average_filter_0/U0/r_sample[16]_15              |                                                                                                   |                                                                                                        |                8 |             24 |         3.00 |
|  BD_i/Moving_average_filter_0/U0/m_axis_tdata_reg[23]_i_2_n_0 |                                                                                                   | BD_i/Moving_average_filter_0/U0/FSM_onehot_tx_state_reg_n_0_[1]                                        |                8 |             24 |         3.00 |
|  BD_i/Volume_controller_0/U0/l_channel__0                     |                                                                                                   |                                                                                                        |                8 |             24 |         3.00 |
|  BD_i/Volume_controller_0/U0/m_axis_tvalid                    |                                                                                                   | BD_i/Volume_controller_0/U0/FSM_onehot_tx_state_reg_n_0_[0]                                            |                7 |             24 |         3.43 |
|  BD_i/Volume_controller_0/U0/r_channel__0                     |                                                                                                   |                                                                                                        |                8 |             24 |         3.00 |
|  BD_i/Moving_average_filter_0/U0/l_sample[7]_39               |                                                                                                   |                                                                                                        |                7 |             24 |         3.43 |
|  BD_i/Moving_average_filter_0/U0/l_sample[12]_44              |                                                                                                   |                                                                                                        |                6 |             24 |         4.00 |
|  BD_i/Moving_average_filter_0/U0/l_sample[24]_56              |                                                                                                   |                                                                                                        |                7 |             24 |         3.43 |
|  BD_i/Moving_average_filter_0/U0/l_sample[3]_35               |                                                                                                   |                                                                                                        |                6 |             24 |         4.00 |
|  BD_i/Moving_average_filter_0/U0/l_sample[10]_42              |                                                                                                   |                                                                                                        |                6 |             24 |         4.00 |
|  BD_i/Moving_average_filter_0/U0/l_sample[22]_54              |                                                                                                   |                                                                                                        |                7 |             24 |         3.43 |
|  BD_i/Moving_average_filter_0/U0/l_sample[28]_60              |                                                                                                   |                                                                                                        |                7 |             24 |         3.43 |
|  BD_i/Moving_average_filter_0/U0/l_sample[21]_53              |                                                                                                   |                                                                                                        |                7 |             24 |         3.43 |
|  BD_i/Moving_average_filter_0/U0/l_sample[20]_52              |                                                                                                   |                                                                                                        |                7 |             24 |         3.43 |
|  BD_i/Moving_average_filter_0/U0/l_sample[29]_61              |                                                                                                   |                                                                                                        |                6 |             24 |         4.00 |
|  BD_i/Moving_average_filter_0/U0/l_sample[14]_46              |                                                                                                   |                                                                                                        |                7 |             24 |         3.43 |
|  BD_i/Moving_average_filter_0/U0/l_sample[19]_51              |                                                                                                   |                                                                                                        |                8 |             24 |         3.00 |
|  BD_i/Moving_average_filter_0/U0/l_sample[25]_57              |                                                                                                   |                                                                                                        |                8 |             24 |         3.00 |
|  BD_i/Moving_average_filter_0/U0/l_sample[17]_49              |                                                                                                   |                                                                                                        |                7 |             24 |         3.43 |
|  BD_i/Moving_average_filter_0/U0/l_sample[8]_40               |                                                                                                   |                                                                                                        |                8 |             24 |         3.00 |
|  BD_i/Moving_average_filter_0/U0/l_sample[2]_34               |                                                                                                   |                                                                                                        |                7 |             24 |         3.43 |
|  BD_i/clk_wiz_0/inst/clk_out1                                 | BD_i/Balance_controller_0/U0/l_channel_bal0                                                       |                                                                                                        |                6 |             24 |         4.00 |
|  BD_i/Moving_average_filter_0/U0/l_sample[5]_37               |                                                                                                   |                                                                                                        |                7 |             24 |         3.43 |
|  BD_i/Moving_average_filter_0/U0/l_sample[9]_41               |                                                                                                   |                                                                                                        |                6 |             24 |         4.00 |
|  BD_i/Moving_average_filter_0/U0/l_sample[31]_63              |                                                                                                   |                                                                                                        |                7 |             24 |         3.43 |
|  BD_i/Moving_average_filter_0/U0/l_sample[6]_38               |                                                                                                   |                                                                                                        |                7 |             24 |         3.43 |
|  BD_i/Moving_average_filter_0/U0/l_sample[13]_45              |                                                                                                   |                                                                                                        |                7 |             24 |         3.43 |
|  BD_i/Moving_average_filter_0/U0/l_sample[18]_50              |                                                                                                   |                                                                                                        |                7 |             24 |         3.43 |
|  BD_i/Moving_average_filter_0/U0/l_sample[23]_55              |                                                                                                   |                                                                                                        |                7 |             24 |         3.43 |
|  BD_i/Moving_average_filter_0/U0/l_sample[15]_47              |                                                                                                   |                                                                                                        |                6 |             24 |         4.00 |
|  BD_i/Moving_average_filter_0/U0/l_sample[1]_33               |                                                                                                   |                                                                                                        |                6 |             24 |         4.00 |
|  BD_i/Moving_average_filter_0/U0/l_sample[4]_36               |                                                                                                   |                                                                                                        |                8 |             24 |         3.00 |
|  BD_i/Moving_average_filter_0/U0/l_sample[0]_32               |                                                                                                   |                                                                                                        |                7 |             24 |         3.43 |
|  BD_i/Moving_average_filter_0/U0/l_sample[11]_43              |                                                                                                   |                                                                                                        |                7 |             24 |         3.43 |
|  BD_i/Moving_average_filter_0/U0/l_sample[26]_58              |                                                                                                   |                                                                                                        |                6 |             24 |         4.00 |
|  BD_i/Moving_average_filter_0/U0/l_sample[30]_62              |                                                                                                   |                                                                                                        |                6 |             24 |         4.00 |
|  BD_i/clk_wiz_0/inst/clk_out1                                 | BD_i/Balance_controller_0/U0/r_channel_bal0                                                       |                                                                                                        |                4 |             24 |         6.00 |
|  BD_i/Moving_average_filter_0/U0/l_sample[16]_48              |                                                                                                   |                                                                                                        |                6 |             24 |         4.00 |
|  BD_i/Moving_average_filter_0/U0/l_sample[27]_59              |                                                                                                   |                                                                                                        |                6 |             24 |         4.00 |
|  BD_i/Balance_controller_0/U0/m_axis_tvalid                   |                                                                                                   | BD_i/Balance_controller_0/U0/FSM_onehot_tx_state_reg_n_0_[0]                                           |                7 |             24 |         3.43 |
|  BD_i/Balance_controller_0/U0/r_channel__0                    |                                                                                                   |                                                                                                        |                7 |             24 |         3.43 |
|  BD_i/Balance_controller_0/U0/l_channel__0                    |                                                                                                   |                                                                                                        |                8 |             24 |         3.00 |
|  BD_i/clk_wiz_0/inst/clk_out2                                 | BD_i/axis_dual_i2s_0/inst/axis_dual_i2s_inst/tx_data_l_4                                          | BD_i/axis_dual_i2s_0/inst/axis_dual_i2s_inst/rx_data_l[23]_i_1_n_0                                     |                4 |             24 |         6.00 |
|  BD_i/clk_wiz_0/inst/clk_out2                                 | BD_i/axis_dual_i2s_0/inst/axis_dual_i2s_inst/tx_data_r_3                                          | BD_i/axis_dual_i2s_0/inst/axis_dual_i2s_inst/rx_data_l[23]_i_1_n_0                                     |                5 |             24 |         4.80 |
|  BD_i/clk_wiz_0/inst/clk_out2                                 | BD_i/axis_dual_i2s_0/inst/axis_dual_i2s_inst/rx_data_l_shift_2                                    |                                                                                                        |                7 |             24 |         3.43 |
|  BD_i/clk_wiz_0/inst/clk_out2                                 | BD_i/axis_dual_i2s_0/inst/axis_dual_i2s_inst/rx_data_r_shift_1                                    |                                                                                                        |                4 |             24 |         6.00 |
|  BD_i/Moving_average_filter_0/U0/r_sample[23]_8               |                                                                                                   |                                                                                                        |                7 |             24 |         3.43 |
|  BD_i/Moving_average_filter_0/U0/r_sample[5]_26               |                                                                                                   |                                                                                                        |                7 |             24 |         3.43 |
|  BD_i/Moving_average_filter_0/U0/r_sample[7]_24               |                                                                                                   |                                                                                                        |                7 |             24 |         3.43 |
|  BD_i/clk_wiz_0/inst/clk_out1                                 | BD_i/axis_dual_i2s_0/inst/rx_fifo/xpm_fifo_base_inst/xpm_fifo_rst_inst/E[0]                       | BD_i/axis_dual_i2s_0/inst/rx_fifo/xpm_fifo_base_inst/xpm_fifo_rst_inst/wrst_busy                       |                8 |             31 |         3.88 |
|  BD_i/clk_wiz_0/inst/clk_out2                                 | BD_i/axis_dual_i2s_0/inst/tx_fifo/xpm_fifo_base_inst/xpm_fifo_rst_inst/E[0]                       | BD_i/axis_dual_i2s_0/inst/tx_fifo/xpm_fifo_base_inst/xpm_fifo_rst_inst/wrst_busy                       |               10 |             31 |         3.10 |
|  BD_i/clk_wiz_0/inst/clk_out2                                 | BD_i/axis_dual_i2s_0/inst/axis_dual_i2s_inst/rx_data_l0                                           | BD_i/axis_dual_i2s_0/inst/axis_dual_i2s_inst/rx_data_l[23]_i_1_n_0                                     |               11 |             48 |         4.36 |
|  BD_i/clk_wiz_0/inst/clk_out1                                 | BD_i/Moving_average_filter_0/U0/l_filtered0                                                       |                                                                                                        |               14 |             48 |         3.43 |
|  BD_i/clk_wiz_0/inst/clk_out2                                 |                                                                                                   |                                                                                                        |               34 |            121 |         3.56 |
|  BD_i/clk_wiz_0/inst/clk_out1                                 |                                                                                                   |                                                                                                        |               43 |            142 |         3.30 |
+---------------------------------------------------------------+---------------------------------------------------------------------------------------------------+--------------------------------------------------------------------------------------------------------+------------------+----------------+--------------+


